[backblue.gif]
[fade.gif]
[index.html]
[gull.ui-lib.com/purple/favicon.ico]
[gull.ui-lib.com/purple/assets/images/logo.png]
[gull.ui-lib.com/purple/runtime.749f0e642ac983a8f466.js]
[gull.ui-lib.com/purple/polyfills-es5.a059bd3807dd35cbfc75.js]
[gull.ui-lib.com/purple/polyfills.7c77d73a9e42fc820429.js]
[gull.ui-lib.com/purple/scripts.1ee3d5012ee860918e20.js]
[gull.ui-lib.com/purple/main.98ad928fd27cd3adb81b.js]
[gull.ui-lib.com/purple/index.html]
[gull.ui-lib.com/purple/data-table.bce071e976865da51100.eot]
[gull.ui-lib.com/purple/data-table.bce071e976865da51100d41d.eot]
[gull.ui-lib.com/purple/data-table.246ea8fa6c452b0f3c4f.woff]
[gull.ui-lib.com/purple/data-table.c8c6d300cb7abb9f36e8.ttf]
[gull.ui-lib.com/purple/iconsmind.916e1950c9a4c2b77b817f23.eot]
[gull.ui-lib.com/purple/iconsmind.8e0d92f8065671453bc67f23.ttf]
[gull.ui-lib.com/purple/iconsmind.ec0bfa659ad4d1d1a7a47f23.woff]
[gull.ui-lib.com/purple/page-bg-bottom.ec613ada298590517b55.png]
[gull.ui-lib.com/purple/styles.217e6c05dc49fcaed8e4.css]
[gull.ui-lib.com/purple/data-table.b0aebd744ce7adb780a9.svg]
[gull.ui-lib.com/purple/iconsmind.e46edded8037dc3ee8117f23.svg]
[gull.ui-lib.com/purple/checkmark.c41db936fab845061171.svg]
[gull.ui-lib.com/purple/danger.7044542d5bf336f841e2.svg]
[gull.ui-lib.com/purple/info.bd97cff627c0ba042c39.svg]
[gull.ui-lib.com/purple/close.59b74f7a717aac2af2bb.svg]
